baffa@LAPTOP-LLN9LO7E:~$ docker

Usage:  docker [OPTIONS] COMMAND

A self-sufficient runtime for containers

Options:
      --config string      Location of client config files (default
                           "/home/baffa/.docker")
  -c, --context string     Name of the context to use to connect to the daemon
                           (overrides DOCKER_HOST env var and default context set
                           with "docker context use")
  -D, --debug              Enable debug mode
  -H, --host list          Daemon socket(s) to connect to
  -l, --log-level string   Set the logging level
                           ("debug"|"info"|"warn"|"error"|"fatal") (default "info")
      --tls                Use TLS; implied by --tlsverify
      --tlscacert string   Trust certs signed only by this CA (default
                           "/home/baffa/.docker/ca.pem")
      --tlscert string     Path to TLS certificate file (default
                           "/home/baffa/.docker/cert.pem")
      --tlskey string      Path to TLS key file (default
                           "/home/baffa/.docker/key.pem")
      --tlsverify          Use TLS and verify the remote
  -v, --version            Print version information and quit

Management Commands:
  app*        Docker App (Docker Inc., v0.9.1-beta3)
  builder     Manage builds
  buildx*     Build with BuildKit (Docker Inc., v0.6.1-docker)
  config      Manage Docker configs
  container   Manage containers
  context     Manage contexts
  image       Manage images
  manifest    Manage Docker image manifests and manifest lists
  network     Manage networks
  node        Manage Swarm nodes
  plugin      Manage plugins
  scan*       Docker Scan (Docker Inc., v0.8.0)
  secret      Manage Docker secrets
  service     Manage services
  stack       Manage Docker stacks
  swarm       Manage Swarm
  system      Manage Docker
  trust       Manage trust on Docker images
  volume      Manage volumes

Commands:
  attach      Attach local standard input, output, and error streams to a running container
  build       Build an image from a Dockerfile
  commit      Create a new image from a container's changes
  cp          Copy files/folders between a container and the local filesystem
  create      Create a new container
  diff        Inspect changes to files or directories on a container's filesystem
  events      Get real time events from the server
  exec        Run a command in a running container
  export      Export a container's filesystem as a tar archive
  history     Show the history of an image
  images      List images
  import      Import the contents from a tarball to create a filesystem image
  info        Display system-wide information
  inspect     Return low-level information on Docker objects
  kill        Kill one or more running containers
  load        Load an image from a tar archive or STDIN
  login       Log in to a Docker registry
  logout      Log out from a Docker registry
  logs        Fetch the logs of a container
  pause       Pause all processes within one or more containers
  port        List port mappings or a specific mapping for the container
  ps          List containers
  pull        Pull an image or a repository from a registry
  push        Push an image or a repository to a registry
  rename      Rename a container
  restart     Restart one or more containers
  rm          Remove one or more containers
  rmi         Remove one or more images
  run         Run a command in a new container
  save        Save one or more images to a tar archive (streamed to STDOUT by default)
  search      Search the Docker Hub for images
  start       Start one or more stopped containers
  stats       Display a live stream of container(s) resource usage statistics
  stop        Stop one or more running containers
  tag         Create a tag TARGET_IMAGE that refers to SOURCE_IMAGE
  top         Display the running processes of a container
  unpause     Unpause all processes within one or more containers
  update      Update configuration of one or more containers
  version     Show the Docker version information
  wait        Block until one or more containers stop, then print their exit codes

Run 'docker COMMAND --help' for more information on a command.

To get more help with docker, check out our guides at https://docs.docker.com/go/guides/
baffa@LAPTOP-LLN9LO7E:~$ docker container ls
Cannot connect to the Docker daemon at unix:///var/run/docker.sock. Is the docker daemon running?
baffa@LAPTOP-LLN9LO7E:~$ sudo service docker start
[sudo] password for baffa:
 * Starting Docker: docker                                                       [ OK ]
baffa@LAPTOP-LLN9LO7E:~$ docker run -d nginx
f3bac36064ba3ef262017ffdab08f503848f2eb17a436c4c254fccd2caa2c467
baffa@LAPTOP-LLN9LO7E:~$ docker run -d nginx
ebed7973927e407afd039378216713b4fbd4923b792b5721779b085905a12b08
baffa@LAPTOP-LLN9LO7E:~$ docker run -d nginx
74ffb2d370491cee56cbe7011e29227c3ee3c6152de7da5af5eddd58275ed4bc
baffa@LAPTOP-LLN9LO7E:~$ docker container ls
CONTAINER ID   IMAGE     COMMAND                  CREATED          STATUS          PORTS     NAMES
74ffb2d37049   nginx     "/docker-entrypoint.…"   8 seconds ago    Up 7 seconds    80/tcp    inspiring_margulis
ebed7973927e   nginx     "/docker-entrypoint.…"   10 seconds ago   Up 9 seconds    80/tcp    agitated_albattani
f3bac36064ba   nginx     "/docker-entrypoint.…"   13 seconds ago   Up 12 seconds   80/tcp    sweet_greider
baffa@LAPTOP-LLN9LO7E:~$ docker stop 74 eb
74
eb
baffa@LAPTOP-LLN9LO7E:~$ docker ps -a
CONTAINER ID   IMAGE     COMMAND                  CREATED          STATUS                            PORTS     NAMES
74ffb2d37049   nginx     "/docker-entrypoint.…"   37 seconds ago   Exited (0) 13 seconds ago                   inspiring_margulis
ebed7973927e   nginx     "/docker-entrypoint.…"   39 seconds ago   Exited (0) 13 seconds ago                   agitated_albattani
f3bac36064ba   nginx     "/docker-entrypoint.…"   42 seconds ago   Up 40 seconds                     80/tcp    sweet_greider
f52db7c9f1ff   nginx     "/docker-entrypoint.…"   3 minutes ago    Exited (255) About a minute ago   80/tcp    dazzling_gagarin
a09ea78db965   nginx     "/docker-entrypoint.…"   3 minutes ago    Exited (255) About a minute ago   80/tcp    fervent_mahavira
77a12436110f   nginx     "/docker-entrypoint.…"   9 minutes ago    Exited (0) 4 minutes ago                    hopeful_vaughan
88fb8c1b7342   nginx     "/docker-entrypoint.…"   9 minutes ago    Exited (0) 4 minutes ago                    competent_hofstadter
166961d34b41   nginx     "/docker-entrypoint.…"   9 minutes ago    Exited (255) About a minute ago   80/tcp    festive_northcutt
3737a8be2bf7   nginx     "/docker-entrypoint.…"   9 minutes ago    Exited (0) 9 minutes ago                    adoring_gates
79b822759a24   nginx     "/docker-entrypoint.…"   3 hours ago      Exited (0) 3 hours ago                      funny_torvalds
d481a2a68ce0   nginx     "/docker-entrypoint.…"   3 hours ago      Exited (0) 3 hours ago                      elegant_heyrovsky
fcf1349c9c42   nginx     "/docker-entrypoint.…"   3 hours ago      Exited (255) 10 minutes ago       80/tcp    heuristic_chebyshev
baffa@LAPTOP-LLN9LO7E:~$ docker rm fc d4 79 37 16 99 77 a0 f5
fc
d4
79
37
16
77
a0
f5
Error: No such container: 99
baffa@LAPTOP-LLN9LO7E:~$ docker ps -a
CONTAINER ID   IMAGE     COMMAND                  CREATED              STATUS                          PORTS     NAMES
74ffb2d37049   nginx     "/docker-entrypoint.…"   About a minute ago   Exited (0) About a minute ago             inspiring_margulis
ebed7973927e   nginx     "/docker-entrypoint.…"   About a minute ago   Exited (0) About a minute ago             agitated_albattani
f3bac36064ba   nginx     "/docker-entrypoint.…"   About a minute ago   Up About a minute               80/tcp    sweet_greider
88fb8c1b7342   nginx     "/docker-entrypoint.…"   10 minutes ago       Exited (0) 5 minutes ago                  competent_hofstadter
baffa@LAPTOP-LLN9LO7E:~$ docker rm 88
88
baffa@LAPTOP-LLN9LO7E:~$ docker ps -a
CONTAINER ID   IMAGE     COMMAND                  CREATED         STATUS                          PORTS     NAMES
74ffb2d37049   nginx     "/docker-entrypoint.…"   2 minutes ago   Exited (0) About a minute ago             inspiring_margulis
ebed7973927e   nginx     "/docker-entrypoint.…"   2 minutes ago   Exited (0) About a minute ago             agitated_albattani
f3bac36064ba   nginx     "/docker-entrypoint.…"   2 minutes ago   Up 2 minutes                    80/tcp    sweet_greider
baffa@LAPTOP-LLN9LO7E:~$
