
baffa@LAPTOP-LLN9LO7E:/mnt/c/Users/ahmad/desktop/Docker$ docker build . -t curler
Sending build context to Docker daemon  4.608kB
Step 1/5 : FROM ubuntu:18.04
 ---> 39a8cfeef173
Step 2/5 : WORKDIR /usr/src/app
 ---> Using cache
 ---> 3dc80b512ced
Step 3/5 : RUN apt get update && apt -y install curl
 ---> Running in 019e8471a118

WARNING: apt does not have a stable CLI interface. Use with caution in scripts.

E: Invalid operation get
The command '/bin/sh -c apt get update && apt -y install curl' returned a non-zero code: 100
baffa@LAPTOP-LLN9LO7E:/mnt/c/Users/ahmad/desktop/Docker$ docker build . -t curler
Sending build context to Docker daemon  4.608kB
Step 1/5 : FROM ubuntu:18.04
 ---> 39a8cfeef173
Step 2/5 : WORKDIR /usr/src/app
 ---> Using cache
 ---> 3dc80b512ced
Step 3/5 : RUN apt update && apt -y install curl
 ---> Running in dfdbacc29ab3

WARNING: apt does not have a stable CLI interface. Use with caution in scripts.

Get:1 http://archive.ubuntu.com/ubuntu bionic InRelease [242 kB]
Get:2 http://security.ubuntu.com/ubuntu bionic-security InRelease [88.7 kB]
Get:3 http://security.ubuntu.com/ubuntu bionic-security/universe amd64 Packages [1426 kB]
Get:4 http://archive.ubuntu.com/ubuntu bionic-updates InRelease [88.7 kB]
Get:5 http://archive.ubuntu.com/ubuntu bionic-backports InRelease [74.6 kB]
Get:6 http://archive.ubuntu.com/ubuntu bionic/multiverse amd64 Packages [186 kB]
Get:7 http://archive.ubuntu.com/ubuntu bionic/restricted amd64 Packages [13.5 kB]
Get:8 http://archive.ubuntu.com/ubuntu bionic/universe amd64 Packages [11.3 MB]
Get:9 http://security.ubuntu.com/ubuntu bionic-security/main amd64 Packages [2294 kB]
Get:10 http://security.ubuntu.com/ubuntu bionic-security/restricted amd64 Packages [543 kB]
Get:11 http://security.ubuntu.com/ubuntu bionic-security/multiverse amd64 Packages [26.7 kB]
Get:8 http://archive.ubuntu.com/ubuntu bionic/universe amd64 Packages [11.3 MB]
Get:8 http://archive.ubuntu.com/ubuntu bionic/universe amd64 Packages [11.3 MB]
Get:8 http://archive.ubuntu.com/ubuntu bionic/universe amd64 Packages [11.3 MB]
Get:12 http://archive.ubuntu.com/ubuntu bionic/main amd64 Packages [1344 kB]
Get:13 http://archive.ubuntu.com/ubuntu bionic-updates/universe amd64 Packages [2199 kB]
Get:14 http://archive.ubuntu.com/ubuntu bionic-updates/multiverse amd64 Packages [34.4 kB]
Get:15 http://archive.ubuntu.com/ubuntu bionic-updates/main amd64 Packages [2730 kB]
Get:16 http://archive.ubuntu.com/ubuntu bionic-updates/restricted amd64 Packages [575 kB]
Get:17 http://archive.ubuntu.com/ubuntu bionic-backports/universe amd64 Packages [11.4 kB]
Get:18 http://archive.ubuntu.com/ubuntu bionic-backports/main amd64 Packages [11.3 kB]
Fetched 22.1 MB in 2min 21s (157 kB/s)
Reading package lists...
Building dependency tree...
Reading state information...
2 packages can be upgraded. Run 'apt list --upgradable' to see them.

WARNING: apt does not have a stable CLI interface. Use with caution in scripts.

Reading package lists...
Building dependency tree...
Reading state information...
The following additional packages will be installed:
  ca-certificates krb5-locales libasn1-8-heimdal libcurl4 libgssapi-krb5-2
  libgssapi3-heimdal libhcrypto4-heimdal libheimbase1-heimdal
  libheimntlm0-heimdal libhx509-5-heimdal libk5crypto3 libkeyutils1
  libkrb5-26-heimdal libkrb5-3 libkrb5support0 libldap-2.4-2 libldap-common
  libnghttp2-14 libpsl5 libroken18-heimdal librtmp1 libsasl2-2
  libsasl2-modules libsasl2-modules-db libsqlite3-0 libssl1.1 libwind0-heimdal
  openssl publicsuffix
Suggested packages:
  krb5-doc krb5-user libsasl2-modules-gssapi-mit
  | libsasl2-modules-gssapi-heimdal libsasl2-modules-ldap libsasl2-modules-otp
  libsasl2-modules-sql
The following NEW packages will be installed:
  ca-certificates curl krb5-locales libasn1-8-heimdal libcurl4
  libgssapi-krb5-2 libgssapi3-heimdal libhcrypto4-heimdal libheimbase1-heimdal
  libheimntlm0-heimdal libhx509-5-heimdal libk5crypto3 libkeyutils1
  libkrb5-26-heimdal libkrb5-3 libkrb5support0 libldap-2.4-2 libldap-common
  libnghttp2-14 libpsl5 libroken18-heimdal librtmp1 libsasl2-2
  libsasl2-modules libsasl2-modules-db libsqlite3-0 libssl1.1 libwind0-heimdal
  openssl publicsuffix
0 upgraded, 30 newly installed, 0 to remove and 2 not upgraded.
Need to get 4835 kB of archives.
After this operation, 14.8 MB of additional disk space will be used.
Get:1 http://archive.ubuntu.com/ubuntu bionic-updates/main amd64 libssl1.1 amd64 1.1.1-1ubuntu2.1~18.04.13 [1302 kB]
Get:1 http://archive.ubuntu.com/ubuntu bionic-updates/main amd64 libssl1.1 amd64 1.1.1-1ubuntu2.1~18.04.13 [1302 kB]
Get:2 http://archive.ubuntu.com/ubuntu bionic-updates/main amd64 openssl amd64 1.1.1-1ubuntu2.1~18.04.13 [614 kB]
Get:3 http://archive.ubuntu.com/ubuntu bionic-updates/main amd64 ca-certificates all 20210119~18.04.1 [147 kB]
Get:4 http://archive.ubuntu.com/ubuntu bionic-updates/main amd64 libsqlite3-0 amd64 3.22.0-1ubuntu0.4 [499 kB]
Get:5 http://archive.ubuntu.com/ubuntu bionic-updates/main amd64 krb5-locales all 1.16-2ubuntu0.2 [13.4 kB]
Get:6 http://archive.ubuntu.com/ubuntu bionic-updates/main amd64 libkrb5support0 amd64 1.16-2ubuntu0.2 [30.8 kB]
Get:7 http://archive.ubuntu.com/ubuntu bionic-updates/main amd64 libk5crypto3 amd64 1.16-2ubuntu0.2 [85.5 kB]
Get:8 http://archive.ubuntu.com/ubuntu bionic/main amd64 libkeyutils1 amd64 1.5.9-9.2ubuntu2 [8720 B]
Get:9 http://archive.ubuntu.com/ubuntu bionic-updates/main amd64 libkrb5-3 amd64 1.16-2ubuntu0.2 [279 kB]
Get:10 http://archive.ubuntu.com/ubuntu bionic-updates/main amd64 libgssapi-krb5-2 amd64 1.16-2ubuntu0.2 [122 kB]
Get:11 http://archive.ubuntu.com/ubuntu bionic/main amd64 libpsl5 amd64 0.19.1-5build1 [41.8 kB]
Get:12 http://archive.ubuntu.com/ubuntu bionic/main amd64 publicsuffix all 20180223.1310-1 [97.6 kB]
Get:13 http://archive.ubuntu.com/ubuntu bionic/main amd64 libroken18-heimdal amd64 7.5.0+dfsg-1 [41.3 kB]
Get:14 http://archive.ubuntu.com/ubuntu bionic/main amd64 libasn1-8-heimdal amd64 7.5.0+dfsg-1 [175 kB]
Get:15 http://archive.ubuntu.com/ubuntu bionic/main amd64 libheimbase1-heimdal amd64 7.5.0+dfsg-1 [29.3 kB]
Get:16 http://archive.ubuntu.com/ubuntu bionic/main amd64 libhcrypto4-heimdal amd64 7.5.0+dfsg-1 [85.9 kB]
Get:17 http://archive.ubuntu.com/ubuntu bionic/main amd64 libwind0-heimdal amd64 7.5.0+dfsg-1 [47.8 kB]
Get:18 http://archive.ubuntu.com/ubuntu bionic/main amd64 libhx509-5-heimdal amd64 7.5.0+dfsg-1 [107 kB]
Get:19 http://archive.ubuntu.com/ubuntu bionic/main amd64 libkrb5-26-heimdal amd64 7.5.0+dfsg-1 [206 kB]
Get:20 http://archive.ubuntu.com/ubuntu bionic/main amd64 libheimntlm0-heimdal amd64 7.5.0+dfsg-1 [14.8 kB]
Get:21 http://archive.ubuntu.com/ubuntu bionic/main amd64 libgssapi3-heimdal amd64 7.5.0+dfsg-1 [96.5 kB]
Get:22 http://archive.ubuntu.com/ubuntu bionic-updates/main amd64 libsasl2-modules-db amd64 2.1.27~101-g0780600+dfsg-3ubuntu2.3 [15.0 kB]
Get:23 http://archive.ubuntu.com/ubuntu bionic-updates/main amd64 libsasl2-2 amd64 2.1.27~101-g0780600+dfsg-3ubuntu2.3 [49.2 kB]
Get:24 http://archive.ubuntu.com/ubuntu bionic-updates/main amd64 libldap-common all 2.4.45+dfsg-1ubuntu1.10 [15.8 kB]
Get:25 http://archive.ubuntu.com/ubuntu bionic-updates/main amd64 libldap-2.4-2 amd64 2.4.45+dfsg-1ubuntu1.10 [154 kB]
Get:26 http://archive.ubuntu.com/ubuntu bionic/main amd64 libnghttp2-14 amd64 1.30.0-1ubuntu1 [77.8 kB]
Get:27 http://archive.ubuntu.com/ubuntu bionic/main amd64 librtmp1 amd64 2.4+20151223.gitfa8646d.1-1 [54.2 kB]
Get:28 http://archive.ubuntu.com/ubuntu bionic-updates/main amd64 libcurl4 amd64 7.58.0-2ubuntu3.14 [219 kB]
Get:29 http://archive.ubuntu.com/ubuntu bionic-updates/main amd64 curl amd64 7.58.0-2ubuntu3.14 [159 kB]
Get:30 http://archive.ubuntu.com/ubuntu bionic-updates/main amd64 libsasl2-modules amd64 2.1.27~101-g0780600+dfsg-3ubuntu2.3 [48.9 kB]
debconf: delaying package configuration, since apt-utils is not installed
Fetched 4377 kB in 38s (115 kB/s)
Selecting previously unselected package libssl1.1:amd64.
(Reading database ... 4051 files and directories currently installed.)
Preparing to unpack .../00-libssl1.1_1.1.1-1ubuntu2.1~18.04.13_amd64.deb ...
Unpacking libssl1.1:amd64 (1.1.1-1ubuntu2.1~18.04.13) ...
Selecting previously unselected package openssl.
Preparing to unpack .../01-openssl_1.1.1-1ubuntu2.1~18.04.13_amd64.deb ...
Unpacking openssl (1.1.1-1ubuntu2.1~18.04.13) ...
Selecting previously unselected package ca-certificates.
Preparing to unpack .../02-ca-certificates_20210119~18.04.1_all.deb ...
Unpacking ca-certificates (20210119~18.04.1) ...
Selecting previously unselected package libsqlite3-0:amd64.
Preparing to unpack .../03-libsqlite3-0_3.22.0-1ubuntu0.4_amd64.deb ...
Unpacking libsqlite3-0:amd64 (3.22.0-1ubuntu0.4) ...
Selecting previously unselected package krb5-locales.
Preparing to unpack .../04-krb5-locales_1.16-2ubuntu0.2_all.deb ...
Unpacking krb5-locales (1.16-2ubuntu0.2) ...
Selecting previously unselected package libkrb5support0:amd64.
Preparing to unpack .../05-libkrb5support0_1.16-2ubuntu0.2_amd64.deb ...
Unpacking libkrb5support0:amd64 (1.16-2ubuntu0.2) ...
Selecting previously unselected package libk5crypto3:amd64.
Preparing to unpack .../06-libk5crypto3_1.16-2ubuntu0.2_amd64.deb ...
Unpacking libk5crypto3:amd64 (1.16-2ubuntu0.2) ...
Selecting previously unselected package libkeyutils1:amd64.
Preparing to unpack .../07-libkeyutils1_1.5.9-9.2ubuntu2_amd64.deb ...
Unpacking libkeyutils1:amd64 (1.5.9-9.2ubuntu2) ...
Selecting previously unselected package libkrb5-3:amd64.
Preparing to unpack .../08-libkrb5-3_1.16-2ubuntu0.2_amd64.deb ...
Unpacking libkrb5-3:amd64 (1.16-2ubuntu0.2) ...
Selecting previously unselected package libgssapi-krb5-2:amd64.
Preparing to unpack .../09-libgssapi-krb5-2_1.16-2ubuntu0.2_amd64.deb ...
Unpacking libgssapi-krb5-2:amd64 (1.16-2ubuntu0.2) ...
Selecting previously unselected package libpsl5:amd64.
Preparing to unpack .../10-libpsl5_0.19.1-5build1_amd64.deb ...
Unpacking libpsl5:amd64 (0.19.1-5build1) ...
Selecting previously unselected package publicsuffix.
Preparing to unpack .../11-publicsuffix_20180223.1310-1_all.deb ...
Unpacking publicsuffix (20180223.1310-1) ...
Selecting previously unselected package libroken18-heimdal:amd64.
Preparing to unpack .../12-libroken18-heimdal_7.5.0+dfsg-1_amd64.deb ...
Unpacking libroken18-heimdal:amd64 (7.5.0+dfsg-1) ...
Selecting previously unselected package libasn1-8-heimdal:amd64.
Preparing to unpack .../13-libasn1-8-heimdal_7.5.0+dfsg-1_amd64.deb ...
Unpacking libasn1-8-heimdal:amd64 (7.5.0+dfsg-1) ...
Selecting previously unselected package libheimbase1-heimdal:amd64.
Preparing to unpack .../14-libheimbase1-heimdal_7.5.0+dfsg-1_amd64.deb ...
Unpacking libheimbase1-heimdal:amd64 (7.5.0+dfsg-1) ...
Selecting previously unselected package libhcrypto4-heimdal:amd64.
Preparing to unpack .../15-libhcrypto4-heimdal_7.5.0+dfsg-1_amd64.deb ...
Unpacking libhcrypto4-heimdal:amd64 (7.5.0+dfsg-1) ...
Selecting previously unselected package libwind0-heimdal:amd64.
Preparing to unpack .../16-libwind0-heimdal_7.5.0+dfsg-1_amd64.deb ...
Unpacking libwind0-heimdal:amd64 (7.5.0+dfsg-1) ...
Selecting previously unselected package libhx509-5-heimdal:amd64.
Preparing to unpack .../17-libhx509-5-heimdal_7.5.0+dfsg-1_amd64.deb ...
Unpacking libhx509-5-heimdal:amd64 (7.5.0+dfsg-1) ...
Selecting previously unselected package libkrb5-26-heimdal:amd64.
Preparing to unpack .../18-libkrb5-26-heimdal_7.5.0+dfsg-1_amd64.deb ...
Unpacking libkrb5-26-heimdal:amd64 (7.5.0+dfsg-1) ...
Selecting previously unselected package libheimntlm0-heimdal:amd64.
Preparing to unpack .../19-libheimntlm0-heimdal_7.5.0+dfsg-1_amd64.deb ...
Unpacking libheimntlm0-heimdal:amd64 (7.5.0+dfsg-1) ...
Selecting previously unselected package libgssapi3-heimdal:amd64.
Preparing to unpack .../20-libgssapi3-heimdal_7.5.0+dfsg-1_amd64.deb ...
Unpacking libgssapi3-heimdal:amd64 (7.5.0+dfsg-1) ...
Selecting previously unselected package libsasl2-modules-db:amd64.
Preparing to unpack .../21-libsasl2-modules-db_2.1.27~101-g0780600+dfsg-3ubuntu2.3_amd64.deb ...
Unpacking libsasl2-modules-db:amd64 (2.1.27~101-g0780600+dfsg-3ubuntu2.3) ...
Selecting previously unselected package libsasl2-2:amd64.
Preparing to unpack .../22-libsasl2-2_2.1.27~101-g0780600+dfsg-3ubuntu2.3_amd64.deb ...
Unpacking libsasl2-2:amd64 (2.1.27~101-g0780600+dfsg-3ubuntu2.3) ...
Selecting previously unselected package libldap-common.
Preparing to unpack .../23-libldap-common_2.4.45+dfsg-1ubuntu1.10_all.deb ...
Unpacking libldap-common (2.4.45+dfsg-1ubuntu1.10) ...
Selecting previously unselected package libldap-2.4-2:amd64.
Preparing to unpack .../24-libldap-2.4-2_2.4.45+dfsg-1ubuntu1.10_amd64.deb ...
Unpacking libldap-2.4-2:amd64 (2.4.45+dfsg-1ubuntu1.10) ...
Selecting previously unselected package libnghttp2-14:amd64.
Preparing to unpack .../25-libnghttp2-14_1.30.0-1ubuntu1_amd64.deb ...
Unpacking libnghttp2-14:amd64 (1.30.0-1ubuntu1) ...
Selecting previously unselected package librtmp1:amd64.
Preparing to unpack .../26-librtmp1_2.4+20151223.gitfa8646d.1-1_amd64.deb ...
Unpacking librtmp1:amd64 (2.4+20151223.gitfa8646d.1-1) ...
Selecting previously unselected package libcurl4:amd64.
Preparing to unpack .../27-libcurl4_7.58.0-2ubuntu3.14_amd64.deb ...
Unpacking libcurl4:amd64 (7.58.0-2ubuntu3.14) ...
Selecting previously unselected package curl.
Preparing to unpack .../28-curl_7.58.0-2ubuntu3.14_amd64.deb ...
Unpacking curl (7.58.0-2ubuntu3.14) ...
Selecting previously unselected package libsasl2-modules:amd64.
Preparing to unpack .../29-libsasl2-modules_2.1.27~101-g0780600+dfsg-3ubuntu2.3_amd64.deb ...
Unpacking libsasl2-modules:amd64 (2.1.27~101-g0780600+dfsg-3ubuntu2.3) ...
Setting up libnghttp2-14:amd64 (1.30.0-1ubuntu1) ...
Setting up libldap-common (2.4.45+dfsg-1ubuntu1.10) ...
Setting up libpsl5:amd64 (0.19.1-5build1) ...
Setting up libsasl2-modules-db:amd64 (2.1.27~101-g0780600+dfsg-3ubuntu2.3) ...
Setting up libsasl2-2:amd64 (2.1.27~101-g0780600+dfsg-3ubuntu2.3) ...
Setting up libroken18-heimdal:amd64 (7.5.0+dfsg-1) ...
Setting up librtmp1:amd64 (2.4+20151223.gitfa8646d.1-1) ...
Setting up libkrb5support0:amd64 (1.16-2ubuntu0.2) ...
Setting up krb5-locales (1.16-2ubuntu0.2) ...
Setting up publicsuffix (20180223.1310-1) ...
Setting up libssl1.1:amd64 (1.1.1-1ubuntu2.1~18.04.13) ...
debconf: unable to initialize frontend: Dialog
debconf: (TERM is not set, so the dialog frontend is not usable.)
debconf: falling back to frontend: Readline
debconf: unable to initialize frontend: Readline
debconf: (Can't locate Term/ReadLine.pm in @INC (you may need to install the Term::ReadLine module) (@INC contains: /etc/perl /usr/local/lib/x86_64-linux-gnu/perl/5.26.1 /usr/local/share/perl/5.26.1 /usr/lib/x86_64-linux-gnu/perl5/5.26 /usr/share/perl5 /usr/lib/x86_64-linux-gnu/perl/5.26 /usr/share/perl/5.26 /usr/local/lib/site_perl /usr/lib/x86_64-linux-gnu/perl-base) at /usr/share/perl5/Debconf/FrontEnd/Readline.pm line 7.)
debconf: falling back to frontend: Teletype
Setting up libheimbase1-heimdal:amd64 (7.5.0+dfsg-1) ...
Setting up openssl (1.1.1-1ubuntu2.1~18.04.13) ...
Setting up libsqlite3-0:amd64 (3.22.0-1ubuntu0.4) ...
Setting up libkeyutils1:amd64 (1.5.9-9.2ubuntu2) ...
Setting up libsasl2-modules:amd64 (2.1.27~101-g0780600+dfsg-3ubuntu2.3) ...
Setting up ca-certificates (20210119~18.04.1) ...
debconf: unable to initialize frontend: Dialog
debconf: (TERM is not set, so the dialog frontend is not usable.)
debconf: falling back to frontend: Readline
debconf: unable to initialize frontend: Readline
debconf: (Can't locate Term/ReadLine.pm in @INC (you may need to install the Term::ReadLine module) (@INC contains: /etc/perl /usr/local/lib/x86_64-linux-gnu/perl/5.26.1 /usr/local/share/perl/5.26.1 /usr/lib/x86_64-linux-gnu/perl5/5.26 /usr/share/perl5 /usr/lib/x86_64-linux-gnu/perl/5.26 /usr/share/perl/5.26 /usr/local/lib/site_perl /usr/lib/x86_64-linux-gnu/perl-base) at /usr/share/perl5/Debconf/FrontEnd/Readline.pm line 7.)
debconf: falling back to frontend: Teletype
Updating certificates in /etc/ssl/certs...
129 added, 0 removed; done.
Setting up libk5crypto3:amd64 (1.16-2ubuntu0.2) ...
Setting up libwind0-heimdal:amd64 (7.5.0+dfsg-1) ...
Setting up libasn1-8-heimdal:amd64 (7.5.0+dfsg-1) ...
Setting up libhcrypto4-heimdal:amd64 (7.5.0+dfsg-1) ...
Setting up libhx509-5-heimdal:amd64 (7.5.0+dfsg-1) ...
Setting up libkrb5-3:amd64 (1.16-2ubuntu0.2) ...
Setting up libkrb5-26-heimdal:amd64 (7.5.0+dfsg-1) ...
Setting up libheimntlm0-heimdal:amd64 (7.5.0+dfsg-1) ...
Setting up libgssapi-krb5-2:amd64 (1.16-2ubuntu0.2) ...
Setting up libgssapi3-heimdal:amd64 (7.5.0+dfsg-1) ...
Setting up libldap-2.4-2:amd64 (2.4.45+dfsg-1ubuntu1.10) ...
Setting up libcurl4:amd64 (7.58.0-2ubuntu3.14) ...
Setting up curl (7.58.0-2ubuntu3.14) ...
Processing triggers for libc-bin (2.27-3ubuntu1.4) ...
Processing triggers for ca-certificates (20210119~18.04.1) ...
Updating certificates in /etc/ssl/certs...
0 added, 0 removed; done.
Running hooks in /etc/ca-certificates/update.d...
done.
Removing intermediate container dfdbacc29ab3
 ---> 517fb63f28af
Step 4/5 : COPY ./test.sh .
 ---> 60fe4955a4bd
Step 5/5 : CMD test.sh
 ---> Running in 2fe9d79d59bb
Removing intermediate container 2fe9d79d59bb
 ---> 484fffca9ef8
Successfully built 484fffca9ef8
Successfully tagged curler:latest
baffa@LAPTOP-LLN9LO7E:/mnt/c/Users/ahmad/desktop/Docker$ docker images
REPOSITORY                          TAG       IMAGE ID       CREATED             SIZE
curler                              latest    484fffca9ef8   36 seconds ago      115MB
web-server                          latest    2c72c96c2d7a   19 minutes ago      15.7MB
hello-docker                        v2        6173f10da2b9   42 minutes ago      5.61MB
hello-docker-additional             latest    dfbb947ece6b   46 minutes ago      5.61MB
hello-docker                        latest    df1016d939d0   About an hour ago   5.61MB
ubuntu                              18.04     39a8cfeef173   4 weeks ago         63.1MB
alpine                              3.13      6dbb9cc54074   4 months ago        5.61MB
devopsdockeruh/simple-web-service   alpine    fd312adc88e0   5 months ago        15.7MB
devopsdockeruh/pull_exercise        latest    d9854bc0e13a   2 years ago         75.3MB
baffa@LAPTOP-LLN9LO7E:/mnt/c/Users/ahmad/desktop/Docker$ docker run curler
/bin/sh: 1: test.sh: not found
baffa@LAPTOP-LLN9LO7E:/mnt/c/Users/ahmad/desktop/Docker$ docker run -it curler
/bin/sh: 1: test.sh: not found
baffa@LAPTOP-LLN9LO7E:/mnt/c/Users/ahmad/desktop/Docker$ docker run -it --name curler
"docker run" requires at least 1 argument.
See 'docker run --help'.

Usage:  docker run [OPTIONS] IMAGE [COMMAND] [ARG...]

Run a command in a new container
baffa@LAPTOP-LLN9LO7E:/mnt/c/Users/ahmad/desktop/Docker$ docker run -it curler
/bin/sh: 1: test.sh: not found
baffa@LAPTOP-LLN9LO7E:/mnt/c/Users/ahmad/desktop/Docker$ docker build . -t curler
Sending build context to Docker daemon  4.608kB
Step 1/5 : FROM ubuntu:18.04
 ---> 39a8cfeef173
Step 2/5 : WORKDIR /usr/src/app
 ---> Using cache
 ---> 3dc80b512ced
Step 3/5 : RUN apt update && apt -y install curl
 ---> Using cache
 ---> 517fb63f28af
Step 4/5 : COPY test.sh .
 ---> Using cache
 ---> 60fe4955a4bd
Step 5/5 : CMD ./test.sh
 ---> Running in 37c9fc7480b6
Removing intermediate container 37c9fc7480b6
 ---> 562e224115c4
Successfully built 562e224115c4
Successfully tagged curler:latest
baffa@LAPTOP-LLN9LO7E:/mnt/c/Users/ahmad/desktop/Docker$ docker run curler
Input website:
Searching..
curl: (3) Bad URL
baffa@LAPTOP-LLN9LO7E:/mnt/c/Users/ahmad/desktop/Docker$ docker run -it curler
Input website:
helsinki.fi
Searching..
<!DOCTYPE HTML PUBLIC "-//IETF//DTD HTML 2.0//EN">
<html><head>
<title>301 Moved Permanently</title>
</head><body>
<h1>Moved Permanently</h1>
<p>The document has moved <a href="https://www.helsinki.fi/">here</a>.</p>
</body></html>
